main.c:104:6:set_rgb	16	static
main.c:113:5:setfreq	24	static
main.c:122:5:get_index	24	static
main.c:132:6:delay	24	static
main.c:142:6:play_rgb_notes	16	static
main.c:190:6:play_pirates	1648	static
main.c:334:6:play_coffin	920	static
main.c:442:5:main	8	static
main.c:568:6:SystemClock_Config	88	static
main.c:612:13:MX_TIM1_Init	80	static
main.c:685:13:MX_TIM2_Init	64	static
main.c:745:13:MX_TIM3_Init	32	static
main.c:790:13:MX_USART2_UART_Init	8	static
main.c:823:13:MX_USART6_UART_Init	8	static
main.c:856:13:MX_GPIO_Init	40	static
main.c:884:6:HAL_TIM_PeriodElapsedCallback	16	static
main.c:890:6:HAL_UART_RxCpltCallback	64	static
main.c:1096:6:Error_Handler	4	static
